

 <GENCASE>  Copyright (c) 2025 by Dr Jose M. Dominguez
 All rights reserved.

 GenCase is a free tool for DualSPHysics simulations.
 DualSPHysics project is an international collaboration between
 University of Vigo (Spain) and University of Manchester (UK).

 Redistribution and use in binary form, without modification, are
 permitted provided that the following conditions are met:
 * Redistributions in binary form must reproduce the above copyright
   notice, this list of conditions and the following disclaimer in the
   documentation and/or other materials provided with the distribution.
 * Redistributions or modifications of source code are not permitted 
   unless expressly authorised, and must retain the above copyright 
   notice, this list of conditions and the following disclaimer.
 * Neither the name of the GenCase nor the names of its contributors
   may be used to endorse or promote products derived from this software
   without specific prior written permission.

 THIS SOFTWARE IS PROVIDED BY THE COPYRIGHT HOLDERS AND CONTRIBUTORS "AS IS"
 AND ANY EXPRESS OR IMPLIED WARRANTIES, INCLUDING, BUT NOT LIMITED TO, THE
 IMPLIED WARRANTIES OF MERCHANTABILITY AND FITNESS FOR A PARTICULAR PURPOSE
 ARE DISCLAIMED. IN NO EVENT SHALL THE COPYRIGHT OWNER BE LIABLE FOR ANY
 DIRECT, INDIRECT, INCIDENTAL, SPECIAL, EXEMPLARY, OR CONSEQUENTIAL DAMAGES
 (INCLUDING, BUT NOT LIMITED TO, PROCUREMENT OF SUBSTITUTE GOODS OR SERVICES;
 LOSS OF USE, DATA, OR PROFITS; OR BUSINESS INTERRUPTION) HOWEVER CAUSED AND
 ON ANY THEORY OF LIABILITY, WHETHER IN CONTRACT, STRICT LIABILITY, OR TORT
 (INCLUDING NEGLIGENCE OR OTHERWISE) ARISING IN ANY WAY OUT OF THE USE OF
 THIS SOFTWARE, EVEN IF ADVISED OF THE POSSIBILITY OF SUCH DAMAGE.


GenCase v5.4.354.01 (07-04-2025)
=================================
LoadDsphConfig> .../bin/linux/DsphConfig.xml
OmpThreads: 16

[LoadXMLInit]
List: MAIN

Total operations: 14
[LoadXMLInit-End  time:0.002s]

[Draw]
List of available variables: Gravity_x=[0]  Gravity_y=[0]  Gravity_z=[-9.81]  Rhop0=[1000]  VResId=[0]  Dp=[0.02]  PosMin_x=[-0.05]  PosMin_y=[-0.05]  PosMin_z=[-0.05]  PosMax_x=[2]  PosMax_y=[1]  PosMax_z=[1]  CaseName=["CaseDambreak"]  Data2D=[0]  Data2DPosy=[0]  H=[0.034641]  MassBound=[0.008]  MassFluid=[0.008]

Mk size: 1 bytes
Case limits: (-0.05,-0.05,-0.05) - (2,1,1)
Distance between points (Dp): 0.02
Case domain: (0,0,0)-(101,51,51)
Domain points: 102 x 52 x 52 = 275,808
Case parts: 1 x 52z
Memory: 0.00 GiB  0.26 MiB  (275,808)

> MAIN
FileShapes> Box_Dp.vtk  shapes:5  points:8   (time:0.006s)
FileShapes> Building_Dp.vtk  shapes:6  points:12   (time:0.001s)
<MAIN (Operations= 9+5+2 = 16)

Triangles: 54 (0 ignored)
[Draw-End  time:0.022s]

[LoadsXMLConfig]
Execution parameters.
Initials configuration.
Floating bodies configuration.
Properties configuration.
Predefined motion configuration.
[LoadsXMLConfig-End  time:0.000s]

[PreparePoints]
Computing Vtk-Cells data...  (time:0.007s)
BitSizeTot: 20 (2 + 7+6+5)
Points loaded: 17,446
Sorting points by Z...
Sorting points by Mk...
Computing Grid-points...  (time:0.007s)

List of Points:
Points -> Fixed-Boundary particles:
  block[  0] (mk: 10):   7218  -->    7218
  block[  1] (mk: 11):    444  -->     444
  block[  2] (mk: 20):    184  -->     184
Points -> Fluid particles:
  block[  3] (mk:  1):   9600  -->    9600

Particle summary:
  Fixed....: 7,846  id:(0-7845)   MKs:3 (10-11,20)
  Moving...: 0
  Floating.: 0
  Fluid....: 9,600  id:(7846-17445)   MKs:1 (1)

Total particles: 17,446 (bound=7846 (fx=7846 mv=0 ft=0) fluid=9600)
Total MK blocks: 4 (bound=3 (fx=3 mv=0 ft=0) fluid=1)

Maximum depth: 0.28 (automatic)
Speed of system: 1.65735 (automatic)
Speed of sound: max(coefsound*speedsystem,10*sqrt(g*depth))
Speed of sound: 33.1469 max(33.1469,16.5735)
Speed of sound: 33.1469 (automatic)

Coefh:1.000000 (hdp:1.732051)

[PreparePoints-End  time:0.018s]

[SaveCase3D]
CaseDambreak_MkCells.vtk  (time:0.001s, shapes:50, points:200)
CaseDambreak.bi4<double>  (time:0.002s)
CaseDambreak_All.vtk  (time: 0.003s)
CaseDambreak_Bound.vtk  (time: 0.001s)
CaseDambreak_Fluid.vtk  (time: 0.001s)
CaseDambreak.xml  (time:0.001s)

Save files time: 0.008s

Particle limits:
  X range: 0.01 to 1.61 [m]
  Y range: 0.01 to 0.67 [m]
  Z range: 0.01 to 0.45 [m]

[SaveCase3D-End  time:0.013s]


Time of execution: 0.060 sec. (16 threads)

Finished execution (code=0).

