

 <DUALSPHYSICS5> Copyright (c) 2025 by
 Dr Jose M. Dominguez Alonso, Prof. Alejandro Crespo,
 Dr Georgios Fourtakas, Prof. Benedict Rogers,
 Dr Renato Vacondio, Dr Corrado Altomare,
 Dr Angelo Tafuni, Dr Orlando Garcia Feal,
 Dr Ivan Martinez Estevez, Dr Joseph O'Connor,
 Dr Aaron English, Dr Francesco Ricci,
 Prof. Moncho Gomez Gesteira, Prof. Peter Stansby

 EPHYSLAB Environmental Physics Laboratory, Universidade de Vigo
 School of Mechanical, Aerospace and Civil Engineering, University of Manchester

 DualSPHysics is free software: you can redistribute it and/or
 modify it under the terms of the GNU Lesser General Public License
 as published by the Free Software Foundation, either version 2.1 of
 the License, or (at your option) any later version.

 DualSPHysics is distributed in the hope that it will be useful,
 but WITHOUT ANY WARRANTY; without even the implied warranty of
 MERCHANTABILITY or FITNESS FOR A PARTICULAR PURPOSE.  See the
 GNU Lesser General Public License for more details.

 You should have received a copy of the GNU Lesser General Public License
 along with DualSPHysics. If not, see <http://www.gnu.org/licenses/>.

 Free download source files and documentation from DualSPHysics website (http://dual.sphysics.org).
 Full list of developers and contributors is available at https://dual.sphysics.org/developers
 Properly cite the use of DualSPHysics (Dominguez et al., 2022) (https://dual.sphysics.org/references).


DualSPHysics5 v5.4.355 (08-04-2025)
====================================
LoadDsphConfig> .../bin/linux/DsphConfig.xml
[CUDA Capable device(s)]
  Detected 1 CUDA Capable device(s)
  CUDA Driver Version / Runtime Version: 13.1 / 12.8
 
Device 0: "NVIDIA GeForce RTX 4060 Laptop GPU"
  CUDA Capability Major....: 8.9
  Global memory............: 8188 MiB
  CUDA Cores...............: 3072 (24 Multiprocessors, 128 CUDA Cores/MP)
  GPU Max Clock rate.......: 2250 MHz (2.25 GHz)
  Memory Clock rate........: 8001 Mhz
  Memory Bus Width.........: 128-bit
  L2 Cache Size............: 32768 KiB
  Constant memory..........: 64 KiB
  Shared memory per block..: 48 KiB
  Registers per block......: 65536
  Maximum threads per MP...: 1536
  Maximum threads per block: 1024
  Concurrent copy and kernel execution....: Yes with 1 copy engine(s)
  Run time limit on kernels...............: Yes
  Integrated GPU sharing Host Memory......: No
  Support host page-locked memory mapping.: Yes
  Device has ECC support..................: Disabled
  Device supports Unified Addressing (UVA): Yes
  Device PCI (Domain / Bus / location)....: 0 / 1 / 0
  Device supports P2P and RDMA............: Yes
  Device supports P2P from/to GPUs........: 
 
[GPU Hardware]
Device default: 0 "NVIDIA GeForce RTX 4060 Laptop GPU"
Compute capability: 8.9
Memory global: 8187 MiB
Memory shared: 49152 Bytes
 

[Initialising JSphGpuSingle  27-09-2026 11:10:17]
ProgramFile=".../bin/linux/DualSPHysics5.4_linux64"
Available features: Project Chrono coupling, MoorDynPlus coupling, Wave generation, FlexStruc, mDBC no-slip, GPU execution, OpenMP execution.
ExecutionDir=".../main/Hackathon/SIH26-161"
XmlFile=".../m4_pilot/dambreak3d_dp0p0125/CaseDambreak.xml"
OutputDir=".../backend/m4_pilot/dambreak3d_dp0p0125"
OutputDataDir=".../m4_pilot/dambreak3d_dp0p0125/data"
XML-App: GenCase v5.4.354.01 (07-04-2025)

*** WARNING: The XML option 'PartsOutMax' is deprecated. Use 'MinFluidStop' option.

**Basic case configuration is loaded
**Special case configuration is loaded
Loading initial state of particles...
Loaded particles: 60,887
MapRealPos(border)=(-0.00108253,-0.00108253,-0.00108253)-(1.60108,0.676083,0.451083)
MapRealPos(final)=(-0.00108253,-0.00108253,-0.00108253)-(1.60108,0.676083,0.677165)
**Initial state of particles is loaded
PosCellCode="13_10_9 (8192,1024,512)"
PosCellSize=0.043301  (1 x KernelSize)
**3D-Simulation parameters:
CaseName="CaseDambreak"
RunName="CaseDambreak"
SavePosDouble=False
SvExtraParts=""
SaveFtAce=False
SvTimers=True
Boundary="DBC"
StepAlgorithm="Verlet"
  VerletSteps=40
Kernel="CubicSpline"
  Cubic.a1=0.3183099
  Cubic.aa=1448664
  Cubic.a24=7841.123
  Cubic.c1=-4345992
  Cubic.c2=-1086498
  Cubic.d1=3259494
  Cubic.od_wdeltap=5.738974e-05
Viscosity="Artificial"
  Visco=0.1
  ViscoBoundFactor=1
DensityDiffusion="Fourtakas et al 2019 (inner)"
  DensityDiffusionValue=0.1
Shifting="None"
RigidAlgorithm="None"
FloatingCount=0
CaseNp=60,887
CaseNbound=20,183
CaseNfixed=20,183
CaseNmoving=0
CaseNfloat=0
CaseNfluid=40,704
PeriodicActive="None"
Dp=0.0125
KernelH=0.021651  (CoefficientH=1; H/Dp=1.73205)
KernelSize=0.04330127
CteB=161164.3
Gamma=7
RhopZero=1000
Cs0=33.5879438005663
CFLnumber=0.2
DtIni=0.0006445954189567068
DtMin=3.222977142809635e-05
DtAllParticles=False
MassFluid=0.001953125
MassBound=0.001953125
TimeMax=1.6
TimePart=0.01
Gravity=(0,0,-9.81)
RhopOut=True
RhopOutMin=700
RhopOutMax=1300
WrnPartsOut=True
MinFluidStop=0
NpfMinimum=0
CellMode="Full"
ScellDiv=1
MapCells=(38,16,16)  (9,728 cells)
CellDomFixed=False
DomCells=(38,16,16)  (9,728 cells)
DomCellCode="1+11_10_10"
 
BlockSize calculation mode: Fixed.
  BsForcesBound=128 (39 regs)
  BsForcesFluid=128 (56 regs)
 
**CellDiv: Requested gpu memory for 64,059 particles (over-allocation: 1.05X): 1.0 MiB (1 times).
**CellDiv: Requested GPU memory for 9,728 cells (over-allocation: 6.91X): 0.1 MiB (1 times).
 
RunMode="Pos-Cell - Single-GPU"
 
Particle summary:
  Fixed....: 20,183  id:(0-20182)   MKs:3 (10-11,20)
  Moving...: 0
  Floating.: 0
  Fluid....: 40,704  id:(20183-60886)   MKs:1 (1)

Total particles: 60,887 (bound=20183 (fx=20183 mv=0 ft=0) fluid=40704)
Total MK blocks: 4 (bound=3 (fx=3 mv=0 ft=0) fluid=1)
 

*** WARNING: The kernel Cubic Spline is not available in GaugeSystem, so kernel Wendland is used.


Initial allocated memory in CPU: 5,537,430 (5.28 MiB)  (9 particle arrays)
Initial allocated memory in GPU: 9,241,684 (8.81 MiB)  (14 particle arrays)
Part_0000        60,887 (100.0%) particles successfully stored

[WARNINGS]
1. The XML option 'PartsOutMax' is deprecated. Use 'MinFluidStop' option.
2. The kernel Cubic Spline is not available in GaugeSystem, so kernel Wendland is used.

[Initialising simulation (91x7gb0l)  27-09-2026 11:10:17]
PART   PartTime   TotalSteps   Steps    Particles    Cells        Time/Sec   Finish time        
=====  =========  ===========  =======  ===========  ===========  =========  ===================
**Updated allocated memory in CPU: 5,537,430 (5.28 MiB)  (9 particle arrays)
**Updated allocated memory in GPU: 9,973,864 (9.51 MiB)  (15 particle arrays)
00001   0.010008           78       79       60,887        1,408      12.41  27-09-2026 11:10:36
00002   0.020093          157       79       60,887        1,408      12.39  27-09-2026 11:10:36
00003   0.030006          235       78       60,887        1,408      12.10  27-09-2026 11:10:37
00004   0.040028          314       79       60,887        1,408      11.77  27-09-2026 11:10:36
00005   0.050060          393       79       60,887        1,408      12.14  27-09-2026 11:10:36
00006   0.060084          472       79       60,887        1,536      12.00  27-09-2026 11:10:36
00007   0.070057          551       79       60,887        1,536      11.78  27-09-2026 11:10:36
00008   0.080078          631       80       60,887        1,536      11.91  27-09-2026 11:10:36
00009   0.090060          711       80       60,887        1,664      12.60  27-09-2026 11:10:36
00010   0.100038          791       80       60,887        1,664      12.30  27-09-2026 11:10:36
00011   0.110111          873       82       60,887        1,664      12.25  27-09-2026 11:10:37
00012   0.120048          955       82       60,887        1,792      12.58  27-09-2026 11:10:37
00013   0.130066        1,037       82       60,887        1,792      12.99  27-09-2026 11:10:37
00014   0.140004        1,119       82       60,887        1,792      12.08  27-09-2026 11:10:36
00015   0.150009        1,201       82       60,887        1,920      12.26  27-09-2026 11:10:36
00016   0.160123        1,283       82       60,887        1,920      12.31  27-09-2026 11:10:36
00017   0.170104        1,365       82       60,887        2,048      12.75  27-09-2026 11:10:36
00018   0.180049        1,447       82       60,887        2,048      12.57  27-09-2026 11:10:36
00019   0.190091        1,530       83       60,887        2,176      12.56  27-09-2026 11:10:37
00020   0.200098        1,612       82       60,887        2,176      12.32  27-09-2026 11:10:37
00021   0.210073        1,696       84       60,887        2,304      12.97  27-09-2026 11:10:37
00022   0.220074        1,778       82       60,887        2,304      12.49  27-09-2026 11:10:37
00023   0.230002        1,860       82       60,887        2,432      12.34  27-09-2026 11:10:36
00024   0.240015        1,942       82       60,887        2,432      12.45  27-09-2026 11:10:36
00025   0.250051        2,025       83       60,887        2,560      12.67  27-09-2026 11:10:36
00026   0.260088        2,109       84       60,887        2,560      12.74  27-09-2026 11:10:36
00027   0.270043        2,191       82       60,887        2,688      12.46  27-09-2026 11:10:37
00028   0.280076        2,273       82       60,887        2,352      12.66  27-09-2026 11:10:37
00029   0.290058        2,354       81       60,887        2,464      12.46  27-09-2026 11:10:37
00030   0.300071        2,448       94       60,887        2,576      14.07  27-09-2026 11:10:37
00031   0.310091        2,550      102       60,887        2,576      15.40  27-09-2026 11:10:37
00032   0.320060        2,642       92       60,887        2,688      14.22  27-09-2026 11:10:37
00033   0.330084        2,729       87       60,887        2,688      13.04  27-09-2026 11:10:37
00034   0.340082        2,821       92       60,887        2,800      13.88  27-09-2026 11:10:36
00035   0.350078        2,908       87       60,887        2,800      13.15  27-09-2026 11:10:37
00036   0.360035        2,996       88       60,887        2,912      13.56  27-09-2026 11:10:37
00037   0.370065        3,085       89       60,887        3,024      13.21  27-09-2026 11:10:37
00038   0.380101        3,170       85       60,887        3,024      12.77  27-09-2026 11:10:37
00039   0.390018        3,253       83       60,887        3,136      12.61  27-09-2026 11:10:37
00040   0.400101        3,338       85       60,887        3,136      12.49  27-09-2026 11:10:37
00041   0.410037        3,420       82       60,887        3,248      12.25  27-09-2026 11:10:37
00042   0.420066        3,503       83       60,887        2,880      12.77  27-09-2026 11:10:36
00043   0.430044        3,587       84       60,887        2,880      12.76  27-09-2026 11:10:37
00044   0.440027        3,669       82       60,887        2,976      12.45  27-09-2026 11:10:37
00045   0.450106        3,754       85       60,887        2,976      13.12  27-09-2026 11:10:37
00046   0.460043        3,837       83       60,887        3,072      12.28  27-09-2026 11:10:37
00047   0.470065        3,920       83       60,887        3,168      12.52  27-09-2026 11:10:37
00048   0.480066        4,002       82       60,887        3,168      11.99  27-09-2026 11:10:37
00049   0.490061        4,084       82       60,887        3,264      12.07  27-09-2026 11:10:37
00050   0.500022        4,166       82       60,887        3,264      12.25  27-09-2026 11:10:36
00051   0.510105        4,248       82       60,887        3,360      11.93  27-09-2026 11:10:37
00052   0.520069        4,329       81       60,887        3,456      12.45  27-09-2026 11:10:37
00053   0.530001        4,411       82       60,887        3,456      12.41  27-09-2026 11:10:37
00054   0.540101        4,494       83       60,887        3,552      12.13  27-09-2026 11:10:37
00055   0.550007        4,576       82       60,887        3,552      12.23  27-09-2026 11:10:37
00056   0.560088        4,659       83       60,887        3,552      12.10  27-09-2026 11:10:37
00057   0.570024        4,751       92       60,887        3,552      13.30  27-09-2026 11:10:36
00058   0.580038        4,862      111       60,887        3,552      16.07  27-09-2026 11:10:37
00059   0.590015        4,980      118       60,887        3,552      17.35  27-09-2026 11:10:37
00060   0.600052        5,088      108       60,887        3,552      15.72  27-09-2026 11:10:37
00061   0.610045        5,192      104       60,887        3,552      15.00  27-09-2026 11:10:37
00062   0.620038        5,285       93       60,887        3,552      13.62  27-09-2026 11:10:37
00063   0.630074        5,376       91       60,887        3,552      13.09  27-09-2026 11:10:37
00064   0.640102        5,465       89       60,887        3,552      13.21  27-09-2026 11:10:37
00065   0.650030        5,553       88       60,887        3,552      12.73  27-09-2026 11:10:38
00066   0.660107        5,639       86       60,887        3,552      12.48  27-09-2026 11:10:38
00067   0.670110        5,724       85       60,887        3,552      12.20  27-09-2026 11:10:37
00068   0.680051        5,810       86       60,887        3,552      12.64  27-09-2026 11:10:37
00069   0.690066        5,896       86       60,887        3,552      12.28  27-09-2026 11:10:37
00070   0.700114        5,981       85       60,887        4,144      12.39  27-09-2026 11:10:37
00071   0.710073        6,065       84       60,887        4,144      12.20  27-09-2026 11:10:37
00072   0.720100        6,149       84       60,887        4,144      11.97  27-09-2026 11:10:37
00073   0.730064        6,233       84       60,887        4,144      12.21  27-09-2026 11:10:38
00074   0.740060        6,316       83       60,887        4,736      11.97  27-09-2026 11:10:37
00075   0.750038        6,399       83       60,887        4,736      12.01  27-09-2026 11:10:37
00076   0.760012        6,484       85       60,887        4,736      12.20  27-09-2026 11:10:37
00077   0.770029        6,567       83       60,887        4,736      11.70  27-09-2026 11:10:37
00078   0.780113        6,650       83       60,887        4,736      11.52  27-09-2026 11:10:37
00079   0.790075        6,732       82       60,887        4,736      11.72  27-09-2026 11:10:37
00080   0.800025        6,814       82       60,887        4,736      11.53  27-09-2026 11:10:37
00081   0.810051        6,897       83       60,887        4,736      11.66  27-09-2026 11:10:37
00082   0.820059        6,981       84       60,887        4,736      11.95  27-09-2026 11:10:37
00083   0.830107        7,067       86       60,887        4,736      12.10  27-09-2026 11:10:37
00084   0.840115        7,150       83       60,887        4,736      11.84  27-09-2026 11:10:37
00085   0.850011        7,233       83       60,887        4,736      11.71  27-09-2026 11:10:37
00086   0.860091        7,317       84       60,887        4,736      11.82  27-09-2026 11:10:37
00087   0.870070        7,399       82       60,887        4,736      11.47  27-09-2026 11:10:37
00088   0.880078        7,481       82       60,887        4,736      11.70  27-09-2026 11:10:37
00089   0.890122        7,563       82       60,887        4,736      11.32  27-09-2026 11:10:36
00090   0.900065        7,644       81       60,887        4,736      11.46  27-09-2026 11:10:37
00091   0.910092        7,726       82       60,887        4,736      11.65  27-09-2026 11:10:37
00092   0.920042        7,807       81       60,887        4,736      11.46  27-09-2026 11:10:37
00093   0.930075        7,889       82       60,887        4,144      11.54  27-09-2026 11:10:37
00094   0.940083        7,970       81       60,887        4,144      11.45  27-09-2026 11:10:37
00095   0.950039        8,051       81       60,887        4,144      13.99  27-09-2026 11:10:37
00096   0.960088        8,133       82       60,887        4,144      12.86  27-09-2026 11:10:37
00097   0.970001        8,216       83       60,887        4,144      12.30  27-09-2026 11:10:36
00098   0.980016        8,298       82       60,887        4,144      11.96  27-09-2026 11:10:36
00099   0.990064        8,381       83       60,887        4,144      12.00  27-09-2026 11:10:37
00100   1.000021        8,463       82       60,887        4,144      11.86  27-09-2026 11:10:37
00101   1.010046        8,546       83       60,887        4,144      12.24  27-09-2026 11:10:37
00102   1.020080        8,628       82       60,887        4,144      12.26  27-09-2026 11:10:37
00103   1.030032        8,712       84       60,887        4,144      11.96  27-09-2026 11:10:37
00104   1.040006        8,797       85       60,887        4,144      12.52  27-09-2026 11:10:37
00105   1.050087        8,880       83       60,887        4,144      11.76  27-09-2026 11:10:36
00106   1.060022        8,961       81       60,887        4,144      11.92  27-09-2026 11:10:36
00107   1.070022        9,044       83       60,887        4,144      11.77  27-09-2026 11:10:37
00108   1.080111        9,126       82       60,887        4,144      11.88  27-09-2026 11:10:37
00109   1.090079        9,207       81       60,887        4,144      11.71  27-09-2026 11:10:37
00110   1.100032        9,288       81       60,887        3,552      11.87  27-09-2026 11:10:37
00111   1.110054        9,369       81       60,887        3,552      11.75  27-09-2026 11:10:37
00112   1.120022        9,450       81       60,887        3,552      11.93  27-09-2026 11:10:36
00113   1.130107        9,532       82       60,887        3,552      11.96  27-09-2026 11:10:36
00114   1.140051        9,617       85       60,887        3,552      12.36  27-09-2026 11:10:36
00115   1.150075        9,705       88       60,887        3,552      12.76  27-09-2026 11:10:37
00116   1.160080        9,788       83       60,887        3,552      12.37  27-09-2026 11:10:37
00117   1.170112        9,872       84       60,887        3,552      12.27  27-09-2026 11:10:37
00118   1.180088        9,955       83       60,887        3,552      12.09  27-09-2026 11:10:37
00119   1.190087       10,038       83       60,887        3,552      12.26  27-09-2026 11:10:37
00120   1.200093       10,119       81       60,887        3,552      11.87  27-09-2026 11:10:36
00121   1.210116       10,200       81       60,887        3,552      11.89  27-09-2026 11:10:36
00122   1.220095       10,281       81       60,887        3,552      11.89  27-09-2026 11:10:36
00123   1.230094       10,363       82       60,887        3,552      11.75  27-09-2026 11:10:36
00124   1.240083       10,445       82       60,887        3,552      11.90  27-09-2026 11:10:37
00125   1.250020       10,527       82       60,887        3,552      12.13  27-09-2026 11:10:37
00126   1.260101       10,609       82       60,887        2,960      11.85  27-09-2026 11:10:37
00127   1.270096       10,690       81       60,887        2,960      12.20  27-09-2026 11:10:37
00128   1.280053       10,771       81       60,887        2,960      12.38  27-09-2026 11:10:36
00129   1.290124       10,852       81       60,887        2,960      11.67  27-09-2026 11:10:36
00130   1.300033       10,932       80       60,887        2,960      11.64  27-09-2026 11:10:36
00131   1.310035       11,013       81       60,887        2,960      11.68  27-09-2026 11:10:36
00132   1.320083       11,094       81       60,887        2,960      11.75  27-09-2026 11:10:37
00133   1.330045       11,174       80       60,887        2,960      11.70  27-09-2026 11:10:37
00134   1.340004       11,254       80       60,887        2,960      11.71  27-09-2026 11:10:37
00135   1.350008       11,334       80       60,887        2,960      11.89  27-09-2026 11:10:37
00136   1.360079       11,415       81       60,887        2,960      11.74  27-09-2026 11:10:36
00137   1.370032       11,495       80       60,887        2,960      11.75  27-09-2026 11:10:36
00138   1.380026       11,575       80       60,887        2,960      11.97  27-09-2026 11:10:36
00139   1.390007       11,655       80       60,887        2,960      11.79  27-09-2026 11:10:36
00140   1.400083       11,736       81       60,887        2,960      11.94  27-09-2026 11:10:37
00141   1.410088       11,816       80       60,887        2,960      11.71  27-09-2026 11:10:37
00142   1.420107       11,896       80       60,887        2,960      11.35  27-09-2026 11:10:37
00143   1.430060       11,976       80       60,887        2,960      11.68  27-09-2026 11:10:37
00144   1.440118       12,056       80       60,887        2,960      11.51  27-09-2026 11:10:36
00145   1.450031       12,135       79       60,887        2,960      11.47  27-09-2026 11:10:36
00146   1.460077       12,215       80       60,887        2,960      11.65  27-09-2026 11:10:36
00147   1.470026       12,294       79       60,887        2,960      11.49  27-09-2026 11:10:36
00148   1.480096       12,374       80       60,887        2,960      11.77  27-09-2026 11:10:36
00149   1.490038       12,453       79       60,887        2,960      12.32  27-09-2026 11:10:37
00150   1.500095       12,533       80       60,887        2,960      12.93  27-09-2026 11:10:37
00151   1.510056       12,612       79       60,887        2,960      13.26  27-09-2026 11:10:37
00152   1.520006       12,691       79       60,887        2,960      13.26  27-09-2026 11:10:36
00153   1.530086       12,771       80       60,887        2,960      12.15  27-09-2026 11:10:36
00154   1.540073       12,850       79       60,887        2,960      11.40  27-09-2026 11:10:36
00155   1.550061       12,929       79       60,887        2,960      11.20  27-09-2026 11:10:36
00156   1.560088       13,009       80       60,887        2,960      11.37  27-09-2026 11:10:36
00157   1.570034       13,088       79       60,887        2,960      11.22  27-09-2026 11:10:37
00158   1.580018       13,167       79       60,887        2,960      11.22  27-09-2026 11:10:37
00159   1.590004       13,246       79       60,887        2,960      11.88  27-09-2026 11:10:37
00160   1.600123       13,326       80       60,887        2,960      11.17  27-09-2026 11:10:37

[Simulation finished  27-09-2026 11:10:37]
Particles of simulation (initial): 60,887
DTs adjusted to DtMin............: 0
Excluded particles...............: 0
Total Runtime....................: 20.050165 sec.
Simulation Runtime...............: 19.703579 sec.
Runtime per physical second......: 12.313792 sec.
Steps per second.................: 676.323853
Steps of simulation..............: 13,326
PART files.......................: 161
Maximum number of particles......: 60,887
Maximum number of cells..........: 4,736
CPU Memory.......................: 5,537,430 (5.28 MiB)
GPU Memory.......................: 9,973,864 (9.51 MiB)
GPU Memory (for cells)...........: 155,688 (0.15 MiB)
 
[GPU Timers]
VA-Init..........................: 0.346568 sec.
NL-Limits........................: 0.923527 sec.
NL-PreSort.......................: 0.090517 sec.
NL-RadixSort.....................: 1.775381 sec.
NL-CellBegin.....................: 1.331788 sec.
NL-SortData......................: 0.874177 sec.
NL-OutCheck......................: 0 sec.
CF-PreForces.....................: 1.651837 sec.
CF-PreMDBC.......................: 0 sec.
CF-Forces........................: 11.452508 sec.
SU-Shifting......................: 0 sec.
SU-ComputeStep...................: 0.874132 sec.
SU-Floating......................: 0 sec.
SU-Motion........................: 0 sec.
SU-Periodic......................: 0 sec.
SU-ResizeNp......................: 0 sec.
SU-DownData......................: 0.111623 sec.
SU-SavePart......................: 0.580396 sec.
SU-Chrono........................: 0 sec.
SU-Moorings......................: 0 sec.
SU-InOut.........................: 0 sec.
SU-Gauges........................: 0 sec.
SU-FlexStruc.....................: 0 sec.
 
[Output files]
- CfgInit_Domain.vtk...: Saves the limits of the case and the simulation domain limits.
- CfgInit_MapCells.vtk.: Saves the cell division of the simulation domain.
- Run.csv..............: One line CSV file with execution parameters and other simulation data.
- Run.out..............: Log file of the simulation.
- RunPARTs.csv.........: Saves extra information of simulated PARTs.
- data/PartInfo.ibi4...: Binary file with execution information for each instant (input for PartInfo program).
- data/PartOut_???.obi4: Binary file with particles excluded during simulation (input for PartVtkOut program).
- data/Part_????.bi4...: Binary file with particle data in different instants.
- data/Part_Head.ibi4..: Binary file with basic information of simulation data.
 
[WARNINGS]
1. The XML option 'PartsOutMax' is deprecated. Use 'MinFluidStop' option.
2. The kernel Cubic Spline is not available in GaugeSystem, so kernel Wendland is used.
 
[References]
- Official solver reference DualSPHysics v5.0: J.M. Dominguez, G. Fourtakas,
    C. Altomare, R.B. Canelas, A. Tafuni, O. Garcia-Feal, I. Martinez-Estevez,
    A. Mokos, R. Vacondio, A.J.C. Crespo, B.D. Rogers, P.K. Stansby, M. Gomez-Gesteira.
    2022. DualSPHysics: from fluid dynamics to multiphysics problems.
    Computational Particle Mechanics, 9:867-895. doi: https://doi.org/10.1007/s40571-021-00404-2

- Optimised CPU multi-core and GPU implementation (Dominguez et al., 2013  https://doi.org/10.1016/j.cpc.2012.10.015)
- Dynamic boundary conditions (Crespo et al., 2007  https://doi.org/10.3970/cmc.2007.005.173)
- Density diffusion Term: Fourtakas (Fourtakas et al., 2019  https://doi.org/10.1016/j.compfluid.2019.06.009)
- Viscosity: Artificial (Monaghan, 1992  https://doi.org/10.1146/annurev.aa.30.090192.002551)
- Kernel: Cubic Spline (Monaghan, 1992  https://doi.org/10.1146/annurev.aa.30.090192.002551)
- Time integration scheme: Verlet (Verlet, 1967  https://doi.org/10.1103/PhysRev.159.98)

Finished execution (code=0).
